[    0.0s] данные: 2000 байт = 16000 бит
[    0.0s] генерация: 10 чанков, 0.0M/0.0M записей
[    0.0s] генерация: 20 чанков, 0.0M/0.0M записей
[    0.0s] генерация: 30 чанков, 0.0M/0.0M записей
[    0.0s] генерация: 40 чанков, 0.0M/0.0M записей
[    0.0s] генерация: 50 чанков, 0.0M/0.0M записей
[    0.0s] генерация: 60 чанков, 0.0M/0.0M записей
[    0.0s] генерация: 70 чанков, 0.0M/0.0M записей
[    0.1s] генерация: 80 чанков, 0.0M/0.0M записей
[    0.1s] генерация: 90 чанков, 0.0M/0.0M записей
[    0.1s] генерация: 100 чанков, 0.0M/0.0M записей
[    0.1s] генерация: 110 чанков, 0.0M/0.0M записей
[    0.1s] генерация: 120 чанков, 0.0M/0.0M записей
[    0.1s] генерация: 130 чанков, 0.0M/0.0M записей
[    0.1s] генерация: 140 чанков, 0.0M/0.0M записей
[    0.1s] генерация: 150 чанков, 0.0M/0.0M записей
[    0.1s] генерация: 160 чанков, 0.0M/0.0M записей
[    0.1s] генерация: 170 чанков, 0.0M/0.0M записей
[    0.1s] генерация: 180 чанков, 0.0M/0.0M записей
[    0.1s] генерация: 190 чанков, 0.0M/0.0M записей
[    0.1s] генерация: 200 чанков, 0.0M/0.0M записей
[    0.1s] генерация: 210 чанков, 0.0M/0.0M записей
[    0.1s] генерация: 220 чанков, 0.0M/0.0M записей
[    0.1s] генерация: 230 чанков, 0.0M/0.0M записей
[    0.2s] генерация: 240 чанков, 0.0M/0.0M записей
[    0.2s] генерация: 250 чанков, 0.0M/0.0M записей
[    0.2s] генерация: 260 чанков, 0.0M/0.0M записей
[    0.2s] генерация: 270 чанков, 0.0M/0.0M записей
[    0.2s] генерация: 280 чанков, 0.0M/0.0M записей
[    0.2s] генерация: 290 чанков, 0.0M/0.0M записей
[    0.2s] генерация: 300 чанков, 0.0M/0.0M записей
[    0.2s] генерация: 310 чанков, 0.0M/0.0M записей
[    0.2s] генерация: 320 чанков, 0.0M/0.0M записей
[    0.2s] генерация: 330 чанков, 0.0M/0.0M записей
[    0.2s] генерация: 340 чанков, 0.0M/0.0M записей
[    0.2s] генерация: 350 чанков, 0.0M/0.0M записей
[    0.2s] генерация: 360 чанков, 0.0M/0.0M записей
[    0.2s] генерация: 370 чанков, 0.0M/0.0M записей
[    0.2s] генерация: 380 чанков, 0.0M/0.0M записей
[    0.3s] генерация: 390 чанков, 0.0M/0.0M записей
[    0.3s] генерация: 400 чанков, 0.0M/0.0M записей
[    0.3s] генерация: 410 чанков, 0.0M/0.0M записей
[    0.3s] генерация: 420 чанков, 0.0M/0.0M записей
[    0.3s] генерация: 430 чанков, 0.0M/0.0M записей
[    0.3s] генерация: 433 чанков, 0.0M/0.0M записей
[    0.3s] генерация: 433 чанков
[    1.5s] слияние уровень 0: 433 -> 55 файлов
[    1.7s] слияние уровень 1: 55 -> 7 файлов
[    1.8s] слияние уровень 2: 7 -> 1 файлов
[    1.8s] слияние готово: tools\.sa_tmp\sa_run_mrg_2_0000.npy
[    1.8s] записей: 16000 (0.0M), itemsize=17 B
[    1.8s] префиксные суммы готовы (sum label = 7061)
[    1.8s] дерево: 485 узлов, 242 внутренних
[    1.8s] frontier: 142 точек

узлов в контрактированном дереве   485
точек на оболочке                  142
листья (полное дерево)             243
стоимость полного дерева 9469.098 бит (0.5918 bpc)

бюджет M (листья)  стоимость (бит)      bpc
              10         15840.626      0.9900
              50         12538.667      0.7837
[    1.8s] готово
